// Jest Snapshot v1, https://goo.gl/fbAQLP

exports[`should render button should render button 1`] = `
<styled.button
  onClick={[Function]}
>
  <WithStyles(WithStyles(ForwardRef(Typography)))>
    Start Investing
  </WithStyles(WithStyles(ForwardRef(Typography)))>
</styled.button>
`;

exports[`should render typography should render typography 1`] = `
<WithStyles(ForwardRef(Typography))
  classes={
    Object {
      "root": "WithStyles(ForwardRef(Typography))-root-1 WithStyles(ForwardRef(Typography))-root-2",
    }
  }
  text="red"
>
  prueba
</WithStyles(ForwardRef(Typography))>
`;
